// Jest Snapshot v1, https://goo.gl/fbAQLP

exports[`MediaUploader snapshot test 1`] = `
<div
  className="media-uploader"
>
  <label
    htmlFor="media-uploader"
  >
    <div
      className="media-uploader__content media-uploader--action flex-col"
    >
      <span
        className="underline"
      >
        Upload Media
      </span>
      <p
        className="text-gray-600 pt-2 italic"
      >
        must be &lt;10MB
      </p>
    </div>
    <input
      id="media-uploader"
      name="media-uploader"
      onChange={[Function]}
      required={true}
      type="file"
    />
  </label>
</div>
`;
