// Jest Snapshot v1, https://goo.gl/fbAQLP

exports[`PhotoHeader snapshot test 1`] = `
<div
  className="photo-header padding-lg"
>
  <div
    className="photo-header__background-image background-image-centered"
    style={
      Object {
        "backgroundImage": "url(https://fake-image.com/img.png)",
      }
    }
  />
  <h1>
    title
  </h1>
</div>
`;
