// Jest Snapshot v1, https://goo.gl/fbAQLP

exports[`it generates a campaign update in affiliate mode snapshot 1`] = `
<Card
  className="rounded bordered affiliate-content"
  id="1234567890"
  link={null}
  onClose={null}
  title="See More Be More Do More"
>
  <TextContent
    className="padded"
    classNameByEntry={
      Object {
        "default": "grid-main",
      }
    }
    styles={Object {}}
  >
    Duis mollis, est non commodo luctus, nisi erat porttitor ligula, eget lacinia odio sem nec elit. Morbi leo risus, porta ac consectetur ac, vestibulum at eros. Sed posuere consectetur est at lobortis. Sed posuere consectetur est at lobortis. Nullam quis risus eget urna mollis ornare vel eu leo. Etiam porta sem malesuada magna mollis euismod. Cras mattis consectetur purus sit amet fermentum.
  </TextContent>
  <footer
    className="padded clearfix"
  >
    <AffiliatePromotion
      className={null}
      imgUrl="http://example.com/avatar-aang.jpg"
      text="Powered by"
      textClassName="text-gray-400"
      title="Campaign Sponsor Logo"
    />
  </footer>
</Card>
`;

exports[`it generates a campaign update snapshot 1`] = `
<Card
  className="rounded bordered affiliate-content"
  id="1234567890"
  link={null}
  onClose={null}
  title="See More Be More Do More"
>
  <TextContent
    className="padded"
    classNameByEntry={
      Object {
        "default": "grid-main",
      }
    }
    styles={Object {}}
  >
    Duis mollis, est non commodo luctus, nisi erat porttitor ligula, eget lacinia odio sem nec elit. Morbi leo risus, porta ac consectetur ac, vestibulum at eros. Sed posuere consectetur est at lobortis. Sed posuere consectetur est at lobortis. Nullam quis risus eget urna mollis ornare vel eu leo. Etiam porta sem malesuada magna mollis euismod. Cras mattis consectetur purus sit amet fermentum.
  </TextContent>
  <footer
    className="padded clearfix"
  >
    <AffiliatePromotion
      className={null}
      imgUrl="http://example.com/avatar-aang.jpg"
      text="Powered by"
      textClassName="text-gray-400"
      title="Campaign Sponsor Logo"
    />
  </footer>
</Card>
`;
